/home/bingxing2/gpuuser356/.conda/envs/CoNT_py37/lib/python3.7/site-packages/transformers/models/t5/tokenization_t5_fast.py:166: FutureWarning: This tokenizer was incorrectly instantiated with a model max length of 512 which will be corrected in Transformers v5.
For now, this behavior is kept to avoid breaking backwards compatibility when padding/encoding with `truncation is True`.
- Be aware that you SHOULD NOT rely on t5-small automatically truncating your input to 512 when padding/encoding.
- If you want to encode/pad to sequences longer than 512 you can either instantiate this tokenizer with `model_max_length` or pass `max_length` when encoding/padding.
- To avoid this warning, please instantiate this tokenizer with `model_max_length` set to your preferred value.
  FutureWarning,
/home/bingxing2/gpuuser356/.conda/envs/CoNT_py37/lib/python3.7/site-packages/torch/cuda/__init__.py:104: UserWarning: 
NVIDIA A100-PCIE-40GB with CUDA capability sm_80 is not compatible with the current PyTorch installation.
The current PyTorch install supports CUDA capabilities sm_37 sm_50 sm_60 sm_70 sm_75.
If you want to use the NVIDIA A100-PCIE-40GB GPU with PyTorch, please check the instructions at https://pytorch.org/get-started/locally/

  warnings.warn(incompatible_device_warn.format(device_name, capability, " ".join(arch_list), device_name))
/home/bingxing2/gpuuser356/.conda/envs/CoNT_py37/lib/python3.7/site-packages/transformers/models/t5/tokenization_t5_fast.py:166: FutureWarning: This tokenizer was incorrectly instantiated with a model max length of 512 which will be corrected in Transformers v5.
For now, this behavior is kept to avoid breaking backwards compatibility when padding/encoding with `truncation is True`.
- Be aware that you SHOULD NOT rely on t5-small automatically truncating your input to 512 when padding/encoding.
- If you want to encode/pad to sequences longer than 512 you can either instantiate this tokenizer with `model_max_length` or pass `max_length` when encoding/padding.
- To avoid this warning, please instantiate this tokenizer with `model_max_length` set to your preferred value.
  FutureWarning,
/home/bingxing2/gpuuser356/.conda/envs/CoNT_py37/lib/python3.7/site-packages/torch/cuda/__init__.py:104: UserWarning: 
NVIDIA A100-PCIE-40GB with CUDA capability sm_80 is not compatible with the current PyTorch installation.
The current PyTorch install supports CUDA capabilities sm_37 sm_50 sm_60 sm_70 sm_75.
If you want to use the NVIDIA A100-PCIE-40GB GPU with PyTorch, please check the instructions at https://pytorch.org/get-started/locally/

  warnings.warn(incompatible_device_warn.format(device_name, capability, " ".join(arch_list), device_name))
==========  Warmup with MLE ... ==========
初始化加载pretrained_weights/xsum/t5
Traceback (most recent call last):
  File "train.py", line 131, in <module>
    train_model(args)
  File "train.py", line 68, in train_model
    torch_kwargs={'ddp_kwargs': {'find_unused_parameters': True}})
  File "/home/bingxing2/gpuuser356/.conda/envs/CoNT_py37/lib/python3.7/site-packages/fastNLP/core/controllers/trainer.py", line 523, in __init__
    self.driver.setup()
  File "/home/bingxing2/gpuuser356/.conda/envs/CoNT_py37/lib/python3.7/site-packages/fastNLP/core/drivers/torch_driver/ddp.py", line 374, in setup
    backend="nccl", rank=self.global_rank, world_size=self.world_size
  File "/home/bingxing2/gpuuser356/.conda/envs/CoNT_py37/lib/python3.7/site-packages/torch/distributed/distributed_c10d.py", line 455, in init_process_group
    barrier()
  File "/home/bingxing2/gpuuser356/.conda/envs/CoNT_py37/lib/python3.7/site-packages/torch/distributed/distributed_c10d.py", line 1960, in barrier
    work = _default_pg.barrier()
RuntimeError: NCCL error in: /pytorch/torch/lib/c10d/ProcessGroupNCCL.cpp:31, unhandled cuda error, NCCL version 2.7.8
Traceback (most recent call last):
  File "/home/bingxing2/gpuuser356/CoNT-main/train.py", line 131, in <module>
    train_model(args)
  File "/home/bingxing2/gpuuser356/CoNT-main/train.py", line 68, in train_model
    torch_kwargs={'ddp_kwargs': {'find_unused_parameters': True}})
  File "/home/bingxing2/gpuuser356/.conda/envs/CoNT_py37/lib/python3.7/site-packages/fastNLP/core/controllers/trainer.py", line 523, in __init__
    self.driver.setup()
  File "/home/bingxing2/gpuuser356/.conda/envs/CoNT_py37/lib/python3.7/site-packages/fastNLP/core/drivers/torch_driver/ddp.py", line 374, in setup
    backend="nccl", rank=self.global_rank, world_size=self.world_size
  File "/home/bingxing2/gpuuser356/.conda/envs/CoNT_py37/lib/python3.7/site-packages/torch/distributed/distributed_c10d.py", line 455, in init_process_group
    barrier()
  File "/home/bingxing2/gpuuser356/.conda/envs/CoNT_py37/lib/python3.7/site-packages/torch/distributed/distributed_c10d.py", line 1960, in barrier
    work = _default_pg.barrier()
RuntimeError: NCCL error in: /pytorch/torch/lib/c10d/ProcessGroupNCCL.cpp:31, unhandled cuda error, NCCL version 2.7.8
